python.exe : Matplotlib is building the font cache; this may take a moment.
At line:1 char:302
+ ... tch {} } }; & "venv\Scripts\python.exe" scripts\run_subgaussian_cifar ...
+                 ~~~~~~~~~~~~~~~~~~~~~~~~~~~~~~~~~~~~~~~~~~~~~~~~~~~~~~~~~
    + CategoryInfo          : NotSpecified: (Matplotlib is b... take a moment.:String) [], RemoteException
    + FullyQualifiedErrorId : NativeCommandError
 
gamma=0.05, draws_per_client=100
Capturing training snapshots (clean, no-DP, no-Byzantine, CIFAR-10 SmallCNN)...
  captured snapshot at round 10, test_acc=0.1002
  captured snapshot at round 30, test_acc=0.1501
  captured snapshot at round 60, test_acc=0.1229
Collecting gradient-noise samples across snapshots/clients...
{
  "label": "CIFAR10_SmallCNN_n100_gamma0.05",
  "n_theta_samples": 6000,
  "n_std_scalars": 120000,
  "d": 282250,
  "draws_per_client": 100,
  "standardization_df": 99,
  "sigma_norm": 0.0011999972468153034,
  "hill_tail_index_alpha": 5.589473324141629,
  "tail_check_t": [
    1.0,
    1.5,
    2.0,
    2.5,
    3.0,
    3.5,
    4.0
  ],
  "empirical_tail_prob": [
    0.17908333333333334,
    0.08344166666666666,
    0.037441666666666665,
    0.018083333333333333,
    0.01065,
    0.00675,
    0.0047666666666666664
  ],
  "gaussian_bound_2exp": [
    0.31731050786291415,
    0.13361440253771617,
    0.04550026389635842,
    0.012419330651552318,
    0.002699796063260207,
    0.0004652581580710802,
    6.334248366623996e-05
  ],
  "excess_ratio_empirical_over_gaussian_bound": [
    0.564378830500948,
    0.6244960504397201,
    0.8228890002034314,
    1.4560634417985368,
    3.9447423992237853,
    14.508074459102259,
    75.25228552424424
  ],
  "t_dist_bound_df": [
    0.3197484741393015,
    0.1367968177159733,
    0.04823969337263301,
    0.014062596921148973,
    0.003415507921578964,
    0.0006990646483688856,
    0.00012225152757117108
  ],
  "excess_ratio_empirical_over_t_dist_bound": [
    0.560075646382331,
    0.6099678929660033,
    0.7761588859498804,
    1.2859170631661574,
    3.1181306688571766,
    9.65575932891135,
    38.99065117114107
  ],
  "ks_statistic_vs_normal": 0.17106533959383696,
  "ks_pvalue_vs_normal": 0.0,
  "excess_kurtosis": 14.148503683169825,
  "accuracy_at_snapshot_round": {
    "10": 0.1002,
    "30": 0.1501,
    "60": 0.1229
  },
  "gamma_used": 0.05
}
Saved report and QQ-plot to C:\Users\HP\Downloads\New folder\New folder\scripts\..\results\subgaussian
