
== Phase 2: confirm winners across seeds and conditions ==
  phase2_clean_eps3_tau0.01_seed0: SKIP (already done) final_acc=0.0999
  phase2_clean_eps3_tau0.01_seed1: SKIP (already done) final_acc=0.1001
  phase2_clean_eps3_tau0.01_seed2: SKIP (already done) final_acc=0.1038
  phase2_clean_eps3_tau0.01_seed3: SKIP (already done) final_acc=0.0891
  phase2_clean_eps3_tau0.01_seed4: SKIP (already done) final_acc=0.1086
  phase2_ipm_eps3_tau0.01_seed0: SKIP (already done) final_acc=0.0998
  phase2_ipm_eps3_tau0.01_seed1: SKIP (already done) final_acc=0.0967
  phase2_ipm_eps3_tau0.01_seed2: SKIP (already done) final_acc=0.1071
  phase2_ipm_eps3_tau0.01_seed3: SKIP (already done) final_acc=0.1123
  phase2_ipm_eps3_tau0.01_seed4: SKIP (already done) final_acc=0.0757
  phase2_label_flip_eps3_tau0.01_seed0: SKIP (already done) final_acc=0.1008
  phase2_label_flip_eps3_tau0.01_seed1: SKIP (already done) final_acc=0.1125
  phase2_label_flip_eps3_tau0.01_seed2: SKIP (already done) final_acc=0.1091
  phase2_label_flip_eps3_tau0.01_seed3: SKIP (already done) final_acc=0.1033
  phase2_label_flip_eps3_tau0.01_seed4: SKIP (already done) final_acc=0.1174
  phase2_clean_eps8_tau0.01_seed0: SKIP (already done) final_acc=0.1333
  phase2_clean_eps8_tau0.01_seed1: SKIP (already done) final_acc=0.0956
  phase2_clean_eps8_tau0.01_seed2: SKIP (already done) final_acc=0.1122
  phase2_clean_eps8_tau0.01_seed3: SKIP (already done) final_acc=0.1311
  phase2_clean_eps8_tau0.01_seed4: SKIP (already done) final_acc=0.1031
  phase2_ipm_eps8_tau0.01_seed0: SKIP (already done) final_acc=0.0855
  phase2_ipm_eps8_tau0.01_seed1: SKIP (already done) final_acc=0.0993
  phase2_ipm_eps8_tau0.01_seed2: SKIP (already done) final_acc=0.1000
  phase2_ipm_eps8_tau0.01_seed3: SKIP (already done) final_acc=0.0850
  phase2_ipm_eps8_tau0.01_seed4: SKIP (already done) final_acc=0.0975
  phase2_label_flip_eps8_tau0.01_seed0: SKIP (already done) final_acc=0.1271
  phase2_label_flip_eps8_tau0.01_seed1: SKIP (already done) final_acc=0.1233
  phase2_label_flip_eps8_tau0.01_seed2: SKIP (already done) final_acc=0.1133
  phase2_label_flip_eps8_tau0.01_seed3: SKIP (already done) final_acc=0.0826
  phase2_label_flip_eps8_tau0.01_seed4: SKIP (already done) final_acc=0.1023
  phase2_clean_eps13_tau0.01_seed0: SKIP (already done) final_acc=0.1251
  phase2_clean_eps13_tau0.01_seed1: SKIP (already done) final_acc=0.1286
  phase2_clean_eps13_tau0.01_seed2: SKIP (already done) final_acc=0.1185
  phase2_clean_eps13_tau0.01_seed3: SKIP (already done) final_acc=0.1387
  phase2_clean_eps13_tau0.01_seed4: SKIP (already done) final_acc=0.1007
  phase2_ipm_eps13_tau0.01_seed0: SKIP (already done) final_acc=0.0866
  phase2_ipm_eps13_tau0.01_seed1: SKIP (already done) final_acc=0.0967
  phase2_ipm_eps13_tau0.01_seed2: SKIP (already done) final_acc=0.0999
  phase2_ipm_eps13_tau0.01_seed3: SKIP (already done) final_acc=0.0921
  phase2_ipm_eps13_tau0.01_seed4: SKIP (already done) final_acc=0.0999
  phase2_label_flip_eps13_tau0.01_seed0: SKIP (already done) final_acc=0.1289
  phase2_label_flip_eps13_tau0.01_seed1: SKIP (already done) final_acc=0.1061
  phase2_label_flip_eps13_tau0.01_seed2: SKIP (already done) final_acc=0.1170
  phase2_label_flip_eps13_tau0.01_seed3: SKIP (already done) final_acc=0.1150
  phase2_label_flip_eps13_tau0.01_seed4: SKIP (already done) final_acc=0.1087
  phase2_clean_eps18_tau0.1_seed0: SKIP (already done) final_acc=0.1195
  phase2_clean_eps18_tau0.1_seed1: SKIP (already done) final_acc=0.1117
  phase2_clean_eps18_tau0.1_seed2: SKIP (already done) final_acc=0.1189
  phase2_clean_eps18_tau0.1_seed3: SKIP (already done) final_acc=0.1353
  phase2_clean_eps18_tau0.1_seed4: SKIP (already done) final_acc=0.1110
  phase2_ipm_eps18_tau0.1_seed0: SKIP (already done) final_acc=0.0934
  phase2_ipm_eps18_tau0.1_seed1: SKIP (already done) final_acc=0.0999
  phase2_ipm_eps18_tau0.1_seed2: SKIP (already done) final_acc=0.1009
  phase2_ipm_eps18_tau0.1_seed3: SKIP (already done) final_acc=0.1039
  phase2_ipm_eps18_tau0.1_seed4: final_acc=0.0887 diverged=False (298.0s)
  phase2_label_flip_eps18_tau0.1_seed0: final_acc=0.0975 diverged=False (313.8s)
  phase2_label_flip_eps18_tau0.1_seed1: final_acc=0.1291 diverged=False (323.5s)
  phase2_label_flip_eps18_tau0.1_seed2: final_acc=0.1228 diverged=False (317.6s)
  phase2_label_flip_eps18_tau0.1_seed3: final_acc=0.1287 diverged=False (309.8s)
  phase2_label_flip_eps18_tau0.1_seed4: final_acc=0.1123 diverged=False (315.1s)
  phase2_clean_eps23_tau0.1_seed0: final_acc=0.1185 diverged=False (287.8s)
  phase2_clean_eps23_tau0.1_seed1: final_acc=0.1238 diverged=False (259.4s)
  phase2_clean_eps23_tau0.1_seed2: final_acc=0.1398 diverged=False (281.2s)
  phase2_clean_eps23_tau0.1_seed3: final_acc=0.1588 diverged=False (282.5s)
  phase2_clean_eps23_tau0.1_seed4: final_acc=0.1276 diverged=False (240.4s)
  phase2_ipm_eps23_tau0.1_seed0: final_acc=0.1106 diverged=False (292.1s)
  phase2_ipm_eps23_tau0.1_seed1: final_acc=0.1000 diverged=False (290.3s)
  phase2_ipm_eps23_tau0.1_seed2: final_acc=0.0982 diverged=False (270.8s)
  phase2_ipm_eps23_tau0.1_seed3: final_acc=0.1024 diverged=False (154.3s)
  phase2_ipm_eps23_tau0.1_seed4: final_acc=0.0710 diverged=False (243.3s)
  phase2_label_flip_eps23_tau0.1_seed0: final_acc=0.1058 diverged=False (208.8s)
  phase2_label_flip_eps23_tau0.1_seed1: final_acc=0.1413 diverged=False (218.7s)
  phase2_label_flip_eps23_tau0.1_seed2: final_acc=0.1381 diverged=False (203.0s)
  phase2_label_flip_eps23_tau0.1_seed3: final_acc=0.1209 diverged=False (196.2s)
  phase2_label_flip_eps23_tau0.1_seed4: final_acc=0.1453 diverged=False (185.9s)

Done. Manifest written to C:\Users\HP\Downloads\New folder\New folder\scripts\..\results\cifar10\C4_tau_search\run_manifest.json
