Loading CIFAR-10...
== Stage C1: main sweep, IID, target n=10/cell ==
  [C1] clean_eps8_seed3: final_acc=0.0865 diverged=False (224.0s)
  [C1] clean_eps8_seed4: final_acc=0.0948 diverged=False (215.3s)
  [C1] clean_eps8_seed5: final_acc=0.1030 diverged=False (208.0s)
  [C1] clean_eps8_seed6: final_acc=0.1289 diverged=False (150.3s)
  [C1] clean_eps8_seed7: final_acc=0.1101 diverged=False (149.6s)
  [C1] clean_eps8_seed8: final_acc=0.1078 diverged=False (174.3s)
  [C1] clean_eps8_seed9: final_acc=0.0995 diverged=False (136.7s)
  [C1] clean_eps18_seed3: final_acc=0.0979 diverged=False (136.5s)
  [C1] clean_eps18_seed4: final_acc=0.1070 diverged=False (135.7s)
  [C1] clean_eps18_seed5: final_acc=0.1056 diverged=False (136.9s)
  [C1] clean_eps18_seed6: final_acc=0.1242 diverged=False (136.8s)
  [C1] clean_eps18_seed7: final_acc=0.1127 diverged=False (138.1s)
  [C1] clean_eps18_seed8: final_acc=0.1084 diverged=False (138.0s)
  [C1] clean_eps18_seed9: final_acc=0.0922 diverged=False (136.8s)
  [C1] ipm_eps8_seed3: final_acc=0.0967 diverged=False (140.7s)
  [C1] ipm_eps8_seed4: final_acc=0.1067 diverged=False (141.5s)
  [C1] ipm_eps8_seed5: final_acc=0.0982 diverged=False (139.9s)
  [C1] ipm_eps8_seed6: final_acc=0.0816 diverged=False (141.2s)
  [C1] ipm_eps8_seed7: final_acc=0.0973 diverged=False (141.1s)
  [C1] ipm_eps8_seed8: final_acc=0.1107 diverged=False (140.5s)
  [C1] ipm_eps8_seed9: final_acc=0.0946 diverged=False (139.6s)
  [C1] ipm_eps18_seed3: final_acc=0.1057 diverged=False (141.2s)
  [C1] ipm_eps18_seed4: final_acc=0.1033 diverged=False (141.6s)
  [C1] ipm_eps18_seed5: final_acc=0.0994 diverged=False (140.3s)
  [C1] ipm_eps18_seed6: final_acc=0.0875 diverged=False (150.6s)
  [C1] ipm_eps18_seed7: final_acc=0.1000 diverged=False (141.2s)
  [C1] ipm_eps18_seed8: final_acc=0.0989 diverged=False (142.4s)
  [C1] ipm_eps18_seed9: final_acc=0.0976 diverged=False (141.8s)
  [C1] label_flip_eps8_seed3: final_acc=0.1088 diverged=False (154.0s)
  [C1] label_flip_eps8_seed4: final_acc=0.1110 diverged=False (152.7s)
  [C1] label_flip_eps8_seed5: final_acc=0.0938 diverged=False (151.8s)
  [C1] label_flip_eps8_seed6: final_acc=0.1186 diverged=False (158.1s)
  [C1] label_flip_eps8_seed7: final_acc=0.0927 diverged=False (156.5s)
  [C1] label_flip_eps8_seed8: final_acc=0.0810 diverged=False (156.4s)
  [C1] label_flip_eps8_seed9: final_acc=0.1037 diverged=False (155.4s)
  [C1] label_flip_eps18_seed3: final_acc=0.1154 diverged=False (158.4s)
  [C1] label_flip_eps18_seed4: final_acc=0.0766 diverged=False (156.4s)
  [C1] label_flip_eps18_seed5: final_acc=0.1099 diverged=False (153.0s)
  [C1] label_flip_eps18_seed6: final_acc=0.1251 diverged=False (154.3s)
  [C1] label_flip_eps18_seed7: final_acc=0.1207 diverged=False (156.9s)
  [C1] label_flip_eps18_seed8: final_acc=0.1113 diverged=False (154.2s)
  [C1] label_flip_eps18_seed9: final_acc=0.0856 diverged=False (155.9s)
== Stage C2: Dirichlet non-IID extension (alpha=0.5), target n=5/cell ==
  [C2] clean_eps8_seed2: final_acc=0.1003 diverged=False (136.4s)
  [C2] clean_eps8_seed3: final_acc=0.0893 diverged=False (137.0s)
  [C2] clean_eps8_seed4: final_acc=0.0871 diverged=False (136.9s)
  [C2] ipm_eps8_seed2: final_acc=0.1000 diverged=False (144.0s)
  [C2] ipm_eps8_seed3: final_acc=0.0973 diverged=False (143.5s)
  [C2] ipm_eps8_seed4: final_acc=0.1079 diverged=False (145.8s)
== Stage C3: isolating ablation check, target n=10 per arm ==
  [C3] clean_no_dp_T80_control_seed1: final_acc=0.1797 diverged=False (129.8s)
  [C3] clean_no_dp_T80_control_seed2: final_acc=0.2152 diverged=False (129.4s)
  [C3] clean_no_dp_T80_control_seed3: final_acc=0.1180 diverged=False (128.8s)
  [C3] clean_no_dp_T80_control_seed4: final_acc=0.1857 diverged=False (130.4s)
  [C3] clean_no_dp_T80_control_seed5: final_acc=0.1486 diverged=False (131.2s)
  [C3] clean_no_dp_T80_control_seed6: final_acc=0.1474 diverged=False (129.1s)
  [C3] clean_no_dp_T80_control_seed7: final_acc=0.1757 diverged=False (129.7s)
  [C3] clean_no_dp_T80_control_seed8: final_acc=0.2278 diverged=False (129.2s)
  [C3] clean_no_dp_T80_control_seed9: final_acc=0.1477 diverged=False (133.7s)
  [C3] no_clip_no_dp_ipm_seed2: final_acc=0.1364 diverged=False (136.1s)
  [C3] no_clip_no_dp_ipm_seed3: final_acc=0.1179 diverged=False (135.0s)
  [C3] no_clip_no_dp_ipm_seed4: final_acc=0.1953 diverged=False (135.9s)
  [C3] no_clip_no_dp_ipm_seed5: final_acc=0.1572 diverged=False (136.3s)
  [C3] no_clip_no_dp_ipm_seed6: final_acc=0.1717 diverged=False (135.6s)
  [C3] no_clip_no_dp_ipm_seed7: final_acc=0.1473 diverged=False (135.5s)
  [C3] no_clip_no_dp_ipm_seed8: final_acc=0.1675 diverged=False (132.4s)
  [C3] no_clip_no_dp_ipm_seed9: final_acc=0.1739 diverged=False (132.5s)

All stages done in 2.63 hours.
